============================= test session starts =============================
platform win32 -- Python 3.12.3, pytest-8.3.5, pluggy-1.5.0 -- c:\Users\maya2\OneDrive\Desktop\robosite\.venv\Scripts\python.exe
cachedir: .pytest_cache
rootdir: c:\Users\maya2\OneDrive\Desktop\robosite
collecting ... collected 73 items / 2 errors

=================================== ERRORS ====================================
_________ ERROR collecting tests/test_lesson_component_controller.py __________
ImportError while importing test module 'c:\Users\maya2\OneDrive\Desktop\robosite\tests\test_lesson_component_controller.py'.
Hint: make sure your test modules/packages have valid Python names.
Traceback:
..\..\..\AppData\Local\Programs\Python\Python312\Lib\importlib\__init__.py:90: in import_module
    return _bootstrap._gcd_import(name[level:], package, level)
tests\test_lesson_component_controller.py:4: in <module>
    from tests.sample_lesson_component_data import SAMPLE_COMPONENTS
E   ImportError: cannot import name 'SAMPLE_COMPONENTS' from 'tests.sample_lesson_component_data' (c:\Users\maya2\OneDrive\Desktop\robosite\tests\sample_lesson_component_data.py)
______________ ERROR collecting tests/test_lesson_controller.py _______________
ImportError while importing test module 'c:\Users\maya2\OneDrive\Desktop\robosite\tests\test_lesson_controller.py'.
Hint: make sure your test modules/packages have valid Python names.
Traceback:
..\..\..\AppData\Local\Programs\Python\Python312\Lib\importlib\__init__.py:90: in import_module
    return _bootstrap._gcd_import(name[level:], package, level)
tests\test_lesson_controller.py:5: in <module>
    from tests.sample_lesson_component_data import SAMPLE_COMPONENTS
E   ImportError: cannot import name 'SAMPLE_COMPONENTS' from 'tests.sample_lesson_component_data' (c:\Users\maya2\OneDrive\Desktop\robosite\tests\sample_lesson_component_data.py)
=========================== short test summary info ===========================
ERROR tests/test_lesson_component_controller.py
ERROR tests/test_lesson_controller.py
!!!!!!!!!!!!!!!!!!! Interrupted: 2 errors during collection !!!!!!!!!!!!!!!!!!!
============================== 2 errors in 0.36s ==============================
